
--- Testing Class 10 Math (Real Numbers) ---
--- RAG_DEBUG: STAGE 1 - LOADING OLLAMA CONFIG ---
RAG_DEBUG: PDF_PATH: backend/data/ncert
RAG_DEBUG: VECTOR_DB_PATH: backend/vector_db
RAG_DEBUG: Initializing OllamaEmbeddings (nomic-embed-text)...
RAG_DEBUG: Embeddings object created.
--- RAG_DEBUG: GENERATING QUIZ FOR LEVEL EASY ---
--- RAG_DEBUG: STAGE 2 - DB INITIALIZATION ---
RAG_DEBUG: Attempting Chroma instantiation at backend/vector_db
RAG_DEBUG: SUCCESS - Chroma instance is active.
RAG_DEBUG: Searching context for: Math Class 10 Real Numbers
RAG_DEBUG: Invoking retriever...
RAG_DEBUG: Found 0 relevant documents.
RAG_DEBUG: Context retrieved (0 chars).
RAG_DEBUG: ERROR - Falling back to static data!
RAG_DEBUG: Filtering for chapter: Real Numbers
RAG_DEBUG: Found 11 questions for this chapter.
Questions found: 10
python : Traceback 
(most recent call 
last):
At line:1 char:1
+ python 
test_rag_logic.py > 
test_output.txt 2>&1
+ ~~~~~~~~~~~~~~~~~~~
~~~~~~~~~~~~~~~~~~~~~
~~~~~~~
    + CategoryInfo   
           : NotSpe  
  cified: (Traceba   
 ck (most recent     
call last)::Stri    
ng) [], RemoteEx    
ception
    + FullyQualified 
   ErrorId : Native  
  CommandError
 
  File "C:\Users\miru
n\OneDrive\Desktop\le
arning_platform\test_
rag_logic.py", line 
44, in <module>
    print(f"Sample: {
result['questions'][0
]['question']}")
  File "C:\Program Fi
les\WindowsApps\Pytho
nSoftwareFoundation.P
ython.3.11_3.11.2544.
0_x64__qbz5n2kfra8p0\
Lib\encodings\cp1252.
py", line 19, in 
encode
    return codecs.cha
rmap_encode(input,sel
f.errors,encoding_tab
le)[0]
           ^^^^^^^^^^
^^^^^^^^^^^^^^^^^^^^^
^^^^^^^^^^^^^^^^^^^^^
^^^
UnicodeEncodeError: 
'charmap' codec 
can't encode 
character '\u03c0' 
in position 29: 
character maps to 
<undefined>
